// Jest Snapshot v1, https://goo.gl/fbAQLP

exports[`Button Component should take a snapshot 1`] = `
<DocumentFragment>
  <div
    class="m-2 cursor-pointer border-[#979797]"
    data-name="Label Text"
    data-testid="button-btn"
  >
    <div
      class="flex h-12 w-28 items-center justify-center rounded-md bg-white transition focus:outline-0 focus:drop-shadow-none"
    >
      <span>
        Label Text
      </span>
    </div>
  </div>
</DocumentFragment>
`;
