// Jest Snapshot v1, https://goo.gl/fbAQLP

exports[`Header Component should take a snapshot 1`] = `
<DocumentFragment>
  <header
    class="flex h-[10%] flex-wrap items-center justify-between bg-gray-800 p-4 px-32"
  >
    <a
      href="/"
    >
      <svg
        class="fill-white"
      >
        logo.svg
      </svg>
      <h1
        class="text-gray-200"
      >
        Company Name
      </h1>
    </a>
    <div
      class="relative cursor-pointer border-[#979797]"
      data-testid="dropdown-btn"
    >
      <div
        class="drop-shadow-input relative flex h-[41px] w-56 items-center justify-between rounded-lg bg-white pl-3 transition focus:outline-0 focus:drop-shadow-none"
      >
        <span>
          Guardar y salir
        </span>
        <div
          class="z-10 border-l"
        >
          <img
            alt="arrow down"
            class="mx-2 -rotate-90"
            src="Activo.png"
          />
        </div>
      </div>
    </div>
  </header>
</DocumentFragment>
`;
