// Jest Snapshot v1, https://goo.gl/fbAQLP

exports[`Button Component should take a snapshot 1`] = `
<DocumentFragment>
  <div
    class="m-2 flex cursor-pointer flex-row border-[#979797]"
    data-testid="navigation-controls"
  >
    <div
      class="m-2 flex flex-col flex-wrap rounded-md bg-white"
    >
      <div
        class="flex flex-1 items-center border-b"
        data-name="Zoom In"
        data-testid="Zoom In"
      >
        <img
          alt="Zoom In"
          src="ZoomIn.png"
        />
      </div>
      <div
        class="flex flex-1 items-center"
        data-name="Zoom Out"
        data-testid="Zoom Out"
      >
        <img
          alt="Zoom Out"
          src="ZoomOut.png"
        />
      </div>
    </div>
    <div
      class="m-2 flex h-24 w-24 flex-wrap rounded-md bg-white"
    >
      <div
        class="flex w-8"
      />
      <div
        class="flex w-8"
        data-name="Flecha UP"
        data-testid="Flecha UP"
      >
        <img
          alt="Flecha UP"
          src="Flecha.png"
        />
      </div>
      <div
        class="flex w-8"
      />
      <div
        class="flex w-8 -rotate-90"
        data-name="Flecha Right"
        data-testid="Flecha Right"
      >
        <img
          alt="Flecha Right"
          src="Flecha.png"
        />
      </div>
      <div
        class="flex w-8"
      />
      <div
        class="flex w-8 rotate-90"
        data-name="Flecha Left"
        data-testid="Flecha Left"
      >
        <img
          alt="Flecha Left"
          src="Flecha.png"
        />
      </div>
      <div
        class="flex w-8"
      />
      <div
        class="flex w-8 rotate-180"
        data-name="Flecha Down"
        data-testid="Flecha Down"
      >
        <img
          alt="Flecha Down"
          src="Flecha.png"
        />
      </div>
      <div
        class="flex w-8"
      />
    </div>
  </div>
</DocumentFragment>
`;
